\BOOKMARK [1][-]{section.1}{\376\377\000B\000I\000T\000\040\000M\000A\000N\000I\000P\000U\000L\000A\000T\000I\000O\000N}{}% 1
\BOOKMARK [2][-]{subsection.1.1}{\376\377\000B\000i\000n\000a\000r\000y\000\040\000r\000e\000p\000r\000e\000s\000e\000n\000t\000a\000t\000i\000o\000n}{section.1}% 2
\BOOKMARK [1][-]{section.2}{\376\377\000D\000A\000T\000A\000\040\000S\000T\000R\000U\000C\000T\000U\000R\000E\000S}{}% 3
\BOOKMARK [2][-]{subsection.2.1}{\376\377\000D\000i\000s\000j\000o\000i\000n\000t\000\040\000s\000e\000t\000\040\000u\000n\000i\000o\000n}{section.2}% 4
\BOOKMARK [2][-]{subsection.2.2}{\376\377\000S\000e\000g\000m\000e\000n\000t\000\040\000t\000r\000e\000e}{section.2}% 5
\BOOKMARK [2][-]{subsection.2.3}{\376\377\000S\000p\000a\000r\000s\000e\000\040\000t\000a\000b\000l\000e}{section.2}% 6
\BOOKMARK [1][-]{section.3}{\376\377\000F\000L\000O\000W}{}% 7
\BOOKMARK [2][-]{subsection.3.1}{\376\377\000D\000i\000n\000i\000c}{section.3}% 8
\BOOKMARK [1][-]{section.4}{\376\377\000G\000E\000O\000M\000E\000T\000R\000Y}{}% 9
\BOOKMARK [2][-]{subsection.4.1}{\376\377\000C\000o\000n\000v\000e\000x\000\040\000h\000u\000l\000l}{section.4}% 10
\BOOKMARK [2][-]{subsection.4.2}{\376\377\000P\000o\000i\000n\000t}{section.4}% 11
\BOOKMARK [1][-]{section.5}{\376\377\000G\000R\000A\000P\000H\000\040\000A\000L\000G\000O\000R\000I\000T\000H\000M\000S}{}% 12
\BOOKMARK [2][-]{subsection.5.1}{\376\377\000B\000f\000s}{section.5}% 13
\BOOKMARK [2][-]{subsection.5.2}{\376\377\000D\000f\000s}{section.5}% 14
\BOOKMARK [2][-]{subsection.5.3}{\376\377\000D\000i\000j\000k\000s\000t\000r\000a}{section.5}% 15
\BOOKMARK [2][-]{subsection.5.4}{\376\377\000K\000r\000u\000s\000k\000a\000l\000\040\000m\000s\000t}{section.5}% 16
\BOOKMARK [2][-]{subsection.5.5}{\376\377\000T\000o\000p\000o\000l\000o\000g\000i\000c\000a\000l\000\040\000s\000o\000r\000t\000\040\000k\000a\000h\000n\000\040\000a\000l\000g\000o\000r\000i\000t\000h\000m}{section.5}% 17
\BOOKMARK [1][-]{section.6}{\376\377\000M\000A\000T\000H}{}% 18
\BOOKMARK [2][-]{subsection.6.1}{\376\377\000B\000i\000n\000a\000r\000y\000\040\000e\000x\000p\000o\000n\000e\000n\000t\000i\000a\000t\000i\000o\000n}{section.6}% 19
\BOOKMARK [2][-]{subsection.6.2}{\376\377\000M\000o\000d\000u\000l\000a\000r\000\040\000i\000n\000v\000e\000r\000s\000e}{section.6}% 20
\BOOKMARK [2][-]{subsection.6.3}{\376\377\000P\000o\000l\000l\000a\000r\000d\000\040\000r\000h\000o\000\040\000r\000a\000b\000i\000n\000\040\000m\000i\000l\000l\000e\000r}{section.6}% 21
\BOOKMARK [2][-]{subsection.6.4}{\376\377\000S\000i\000e\000v\000e\000\040\000o\000f\000\040\000e\000r\000a\000t\000o\000s\000t\000h\000e\000n\000e\000s}{section.6}% 22
\BOOKMARK [1][-]{section.7}{\376\377\000S\000T\000R\000I\000N\000G\000S}{}% 23
\BOOKMARK [2][-]{subsection.7.1}{\376\377\000H\000a\000s\000h\000i\000n\000g}{section.7}% 24
\BOOKMARK [2][-]{subsection.7.2}{\376\377\000K\000m\000p}{section.7}% 25
\BOOKMARK [1][-]{section.8}{\376\377\000T\000R\000E\000E\000\040\000A\000L\000G\000O\000R\000I\000T\000H\000M\000S}{}% 26
\BOOKMARK [2][-]{subsection.8.1}{\376\377\000B\000i\000n\000a\000r\000y\000\040\000l\000i\000f\000t\000i\000n\000g}{section.8}% 27
\BOOKMARK [2][-]{subsection.8.2}{\376\377\000E\000u\000l\000e\000r\000\040\000t\000o\000u\000r}{section.8}% 28
\BOOKMARK [2][-]{subsection.8.3}{\376\377\000L\000o\000w\000e\000s\000t\000\040\000c\000o\000m\000m\000o\000n\000\040\000a\000n\000c\000e\000s\000t\000o\000r}{section.8}% 29
